MPLINK 4.49, Linker
Linker Map File - Created Sun Nov 15 13:10:26 2020

                                 Section Info
                  Section       Type    Address   Location Size(Bytes)
                ---------  ---------  ---------  ---------  ---------
                   .org_0       code   0x000000    program   0x000004
                   .cinit    romdata   0x000004    program   0x000002
                   .org_1       code   0x000008    program   0x000002
                   .org_2       code   0x000018    program   0x00001e



                              Program Memory Usage 
                               Start         End      
                           ---------   ---------      
                            0x000000    0x000005      
                            0x000008    0x000009      
                            0x000018    0x000035      
            38 out of 33048 program addresses used, program memory utilization is 0%



                              Symbols - Sorted by Name
                     Name    Address   Location    Storage File                     
                ---------  ---------  ---------  --------- ---------                
                    CHECK   0x000020    program     static C:\Users\HP\Documents\Quiz77\Quiz77.asm
                   CHECK2   0x000026    program     static C:\Users\HP\Documents\Quiz77\Quiz77.asm
                     LED1   0x00002e    program     static C:\Users\HP\Documents\Quiz77\Quiz77.asm
                     LED2   0x000032    program     static C:\Users\HP\Documents\Quiz77\Quiz77.asm
                    start   0x00001a    program     static C:\Users\HP\Documents\Quiz77\Quiz77.asm



                              Symbols - Sorted by Address
                     Name    Address   Location    Storage File                     
                ---------  ---------  ---------  --------- ---------                
                    start   0x00001a    program     static C:\Users\HP\Documents\Quiz77\Quiz77.asm
                    CHECK   0x000020    program     static C:\Users\HP\Documents\Quiz77\Quiz77.asm
                   CHECK2   0x000026    program     static C:\Users\HP\Documents\Quiz77\Quiz77.asm
                     LED1   0x00002e    program     static C:\Users\HP\Documents\Quiz77\Quiz77.asm
                     LED2   0x000032    program     static C:\Users\HP\Documents\Quiz77\Quiz77.asm


